// Jest Snapshot v1, https://goo.gl/fbAQLP

exports[`<Wrapper /> Should render 1`] = `
<div
  className="wrapper"
/>
`;
