// Jest Snapshot v1, https://goo.gl/fbAQLP

exports[`<DataLayer /> should render 1`] = `null`;
