// Jest Snapshot v1, https://goo.gl/fbAQLP

exports[`Button renders Button component 1`] = `
<button
  class="btn btn-primary"
  type="button"
>
  
  <span
    class="typography typography-cta color-brand-white"
  >
    Label
  </span>
  
</button>
`;
