// Jest Snapshot v1, https://goo.gl/fbAQLP

exports[`IconButton should render 1`] = `
<button
  class="btn-icon btn-icon-simple"
  type="button"
>
  <span
    class="screen-reader-text"
  />
  <span
    aria-hidden="true"
    class="icon icon-achievement icon-16"
    data-testid="icon"
  />
</button>
`;
