// Jest Snapshot v1, https://goo.gl/fbAQLP

exports[`<Icon /> should render 1`] = `
<span
  aria-hidden="true"
  class="icon icon-achievement icon-24"
  data-testid="icon"
/>
`;
