// Jest Snapshot v1, https://goo.gl/fbAQLP

exports[`Logo renders Logo component 1`] = `
<div
  class="logo-wrapper"
/>
`;
