// Jest Snapshot v1, https://goo.gl/fbAQLP

exports[`<Script /> renders 1`] = `null`;
